[23:45:57.352] [INFO] storybook v10.3.4
[23:45:58.315] [DEBUG] Getting package.json info for C:/Users/tamar/Documents/RealInovation.tech/saslution/fe-0nboarding/package.json...
[23:46:00.418] [DEBUG] Serving static files from [36mpublic[39m at [36m/[39m
[23:46:00.424] [INFO] Starting...
[23:46:00.902] [DEBUG] Starting preview..
[23:46:00.961] [INFO] Using implicit CSS loaders
[23:46:01.316] [INFO] Using SWC as compiler
[23:46:01.374] [INFO] Using default Webpack5 setup
[23:46:02.468] [DEBUG] Using tsconfig paths for react-docgen
[23:46:13.433] [WARN] Module not found: Error: Can't resolve 'worker_threads' in 'C:\Users\tamar\Documents\RealInovation.tech\saslution\fe-0nboarding\node_modules\node-domexception'
[23:46:13.435] [ERROR] Failed to build the preview
[23:46:13.439] [WARN] Force closed preview build
[23:46:13.442] [ERROR] [38;2;241;97;97mSB_BUILDER-WEBPACK5_0003 (WebpackCompilationError): There were problems when compiling your code with Webpack.
Run Storybook with --debug-webpack for more information.[39m
    at starter (file:///C:/Users/tamar/Documents/RealInovation.tech/saslution/fe-0nboarding/node_modules/@storybook/builder-webpack5/dist/index.js:799:11)
    at starter.next (<anonymous>)
    at Module.start (file:///C:/Users/tamar/Documents/RealInovation.tech/saslution/fe-0nboarding/node_modules/@storybook/builder-webpack5/dist/index.js:857:34)
    at process.processTicksAndRejections (node:internal/process/task_queues:105:5)
    at async storybookDevServer (file:///C:/Users/tamar/Documents/RealInovation.tech/saslution/fe-0nboarding/node_modules/storybook/dist/core-server/index.js:7503:83)
    at async buildOrThrow (file:///C:/Users/tamar/Documents/RealInovation.tech/saslution/fe-0nboarding/node_modules/storybook/dist/core-server/index.js:4508:12)
    at async buildDevStandalone (file:///C:/Users/tamar/Documents/RealInovation.tech/saslution/fe-0nboarding/node_modules/storybook/dist/core-server/index.js:8033:41)
    at async withTelemetry (file:///C:/Users/tamar/Documents/RealInovation.tech/saslution/fe-0nboarding/node_modules/storybook/dist/_node-chunks/chunk-HUYNFPPD.js:225:12)
    at async dev (file:///C:/Users/tamar/Documents/RealInovation.tech/saslution/fe-0nboarding/node_modules/storybook/dist/bin/core.js:2736:3)
    at async _Command.<anonymous> (file:///C:/Users/tamar/Documents/RealInovation.tech/saslution/fe-0nboarding/node_modules/storybook/dist/bin/core.js:2806:92)
[23:46:13.449] [WARN] Broken build, fix the error above.
You may need to refresh the browser.